../Core/Src/main.cpp:142:5:int main()	8	static
../Core/Src/main.cpp:230:6:void SystemClock_Config()	88	static
../Core/Src/main.cpp:276:13:void MX_ADC1_Init()	24	static
../Core/Src/main.cpp:328:13:void MX_I2C1_Init()	8	static
../Core/Src/main.cpp:362:13:void MX_TIM1_Init()	80	static
../Core/Src/main.cpp:431:13:void MX_TIM2_Init()	32	static
../Core/Src/main.cpp:476:13:void MX_TIM3_Init()	56	static
../Core/Src/main.cpp:525:13:void MX_TIM4_Init()	56	static
../Core/Src/main.cpp:574:13:void MX_TIM5_Init()	48	static
../Core/Src/main.cpp:627:13:void MX_USART2_UART_Init()	8	static
../Core/Src/main.cpp:660:13:void MX_USART6_UART_Init()	8	static
../Core/Src/main.cpp:691:13:void MX_DMA_Init()	16	static
../Core/Src/main.cpp:709:13:void MX_GPIO_Init()	40	static
../Core/Src/main.cpp:749:6:void HAL_GPIO_EXTI_Callback(uint16_t)	16	static
../Core/Src/main.cpp:760:6:void Error_Handler()	4	static,ignoring_inline_asm
../Core/Src/main.cpp:769:1:void __static_initialization_and_destruction_0()	8	static
../Core/Src/main.cpp:769:1:cpp)	8	static
